// Jest Snapshot v1, https://goo.gl/fbAQLP

exports[`Test redux reducer \`_setAppDetails\` should update app details 1`] = `
{
  "module": {
    "chrome": "unknown",
    "electron": "unknown",
    "node": "unknown",
    "v8": "unknown",
  },
  "name": "tecra",
  "version": "unknown",
}
`;
